=== [2026-09-09 08:44:25 +07] python3 scripts/archive_daily.py --shift auto ===
CAPTURED shift=night productionDate=2026-09-08 file=/mnt/c/Users/19777/Desktop/pdtiii-live/history/shifts/2026-09-08-night.json
DONE days=16 usableDay=2 usableNight=16
rc=0
[main 3ee8859] archive: 本机 cron 归档更新 2026-09-09 08:44
 4 files changed, 41 insertions(+), 2 deletions(-)
 create mode 100644 logs/archive_cron.log
 create mode 100644 scripts/archive_cron_wrapper.sh
To https://github.com/wlp713/pdtiii-live.git
   73aa01e..3ee8859  main -> main
[2026-09-09 08:44:25 +07] pushed 3ee8859
=== [2026-09-09 09:58:09 +07] python3 scripts/archive_daily.py --shift auto ===
CAPTURED shift=night productionDate=2026-09-08 file=/mnt/c/Users/19777/Desktop/pdtiii-live/history/shifts/2026-09-08-night.json
DONE days=16 usableDay=2 usableNight=16
rc=0
[main de9b3d5] archive: 本机 cron 归档更新 2026-09-09 09:58
 5 files changed, 142 insertions(+), 2 deletions(-)
 rewrite history/shifts/2026-09-08-night.json (96%)
 create mode 100644 "scripts/\347\273\231\346\225\260\346\215\256\347\253\257\351\276\231\350\231\276_PDTIII\347\224\237\344\272\247\346\227\245\345\275\222\346\241\243\346\211\251\345\261\225.txt"
 create mode 100644 "scripts/\347\273\231\346\225\260\346\215\256\347\253\257\351\276\231\350\231\276_PDTIII\347\224\237\344\272\247\346\227\245\345\275\222\346\241\243\350\207\252\344\270\273\346\225\264\345\220\210_v2.txt"
To https://github.com/wlp713/pdtiii-live.git
   c97c421..de9b3d5  main -> main
[2026-09-09 09:58:09 +07] pushed de9b3d5
=== [2026-09-09 09:58:15 +07] python3 scripts/archive_daily.py --shift auto ===
CAPTURED shift=night productionDate=2026-09-08 file=/mnt/c/Users/19777/Desktop/pdtiii-live/history/shifts/2026-09-08-night.json
DONE days=16 usableDay=2 usableNight=16
rc=0
[main 6934811] archive: 本机 cron 归档更新 2026-09-09 09:58
 3 files changed, 14 insertions(+), 2 deletions(-)
To https://github.com/wlp713/pdtiii-live.git
   de9b3d5..6934811  main -> main
[2026-09-09 09:58:15 +07] pushed 6934811
=== [2026-09-10 08:00:00 +07] python3 scripts/archive_daily.py --shift auto ===
CAPTURED shift=night productionDate=2026-09-09 file=/mnt/c/Users/19777/Desktop/pdtiii-live/history/shifts/2026-09-09-night.json
DONE days=17 usableDay=3 usableNight=17
rc=0
[main dadb80b] archive: 本机 cron 归档更新 2026-09-10 08:00
 6 files changed, 156 insertions(+), 1 deletion(-)
 create mode 100644 history/2026-09-09.json
 create mode 100644 history/shifts/2026-09-09-night.json
 create mode 100644 scripts/first_hour_snapshot.py
 create mode 100644 "scripts/\347\273\231\346\225\260\346\215\256\347\253\257\351\276\231\350\231\276_\344\270\273\350\243\205\351\205\215\347\272\277\351\246\226\345\260\217\346\227\266\345\275\222\346\241\243\350\241\245\345\205\205.txt"
To https://github.com/wlp713/pdtiii-live.git
 ! [remote rejected] main -> main (cannot lock ref 'refs/heads/main': is at dadb80b9472c22a6dd23fc8f98f4f9519f11fb23 but expected 2acc847934f2643687a0c3ad21a5a1491677e736)
error: failed to push some refs to 'https://github.com/wlp713/pdtiii-live.git'
[2026-09-10 08:00:00 +07] pushed dadb80b
=== [2026-09-10 20:31:01 +07] python3 scripts/archive_daily.py --shift auto ===
CAPTURED shift=day productionDate=2026-09-10 file=/mnt/c/Users/19777/Desktop/pdtiii-live/history/shifts/2026-09-10-day.json
CAPTURED shift=night productionDate=2026-09-09 file=/mnt/c/Users/19777/Desktop/pdtiii-live/history/shifts/2026-09-09-night.json
DONE days=18 usableDay=11 usableNight=17
rc=0
=== [2026-09-23 20:31:02 +07] python3 scripts/archive_daily.py --shift auto ===
SKIP night 2026-09-22 status=comparable
DONE days=30 usableDay=18 usableNight=29
rc=0
[main 48842ab] archive: 本机 cron 归档更新 2026-09-23 20:31
 2 files changed, 5 insertions(+), 1 deletion(-)
To https://github.com/wlp713/pdtiii-live.git
 ! [rejected]        main -> main (fetch first)
error: failed to push some refs to 'https://github.com/wlp713/pdtiii-live.git'
hint: Updates were rejected because the remote contains work that you do
hint: not have locally. This is usually caused by another repository pushing
hint: to the same ref. You may want to first integrate the remote changes
hint: (e.g., 'git pull ...') before pushing again.
hint: See the 'Note about fast-forwards' in 'git push --help' for details.
[2026-09-23 20:31:02 +07] pushed 48842ab
=== [2026-09-24 20:31:05 +07] python3 scripts/archive_daily.py --shift auto ===
CAPTURED shift=day productionDate=2026-09-24 file=/mnt/c/Users/19777/Desktop/pdtiii-live/history/shifts/2026-09-24-day.json
CAPTURED shift=night productionDate=2026-09-23 file=/mnt/c/Users/19777/Desktop/pdtiii-live/history/shifts/2026-09-23-night.json
DONE days=32 usableDay=19 usableNight=30
rc=0
[main f364bb1] archive: 本机 cron 归档更新 2026-09-24 20:31
 5 files changed, 20 insertions(+), 2 deletions(-)
 create mode 100644 history/shifts/2026-09-23-night.json
 create mode 100644 history/shifts/2026-09-24-day.json
To https://github.com/wlp713/pdtiii-live.git
 ! [rejected]        main -> main (fetch first)
error: failed to push some refs to 'https://github.com/wlp713/pdtiii-live.git'
hint: Updates were rejected because the remote contains work that you do
hint: not have locally. This is usually caused by another repository pushing
hint: to the same ref. You may want to first integrate the remote changes
hint: (e.g., 'git pull ...') before pushing again.
hint: See the 'Note about fast-forwards' in 'git push --help' for details.
[2026-09-24 20:31:05 +07] pushed f364bb1
=== [2026-09-25 20:31:01 +07] python3 scripts/archive_daily.py --shift auto ===
CAPTURED shift=day productionDate=2026-09-25 file=/mnt/c/Users/19777/Desktop/pdtiii-live/history/shifts/2026-09-25-day.json
CAPTURED shift=night productionDate=2026-09-24 file=/mnt/c/Users/19777/Desktop/pdtiii-live/history/shifts/2026-09-24-night.json
DONE days=33 usableDay=20 usableNight=31
rc=0
[main 98368d5] archive: 本机 cron 归档更新 2026-09-25 20:31
 6 files changed, 23 insertions(+), 2 deletions(-)
 create mode 100644 history/2026-09-24.json
 create mode 100644 history/shifts/2026-09-24-night.json
 create mode 100644 history/shifts/2026-09-25-day.json
To https://github.com/wlp713/pdtiii-live.git
 ! [rejected]        main -> main (fetch first)
error: failed to push some refs to 'https://github.com/wlp713/pdtiii-live.git'
hint: Updates were rejected because the remote contains work that you do
hint: not have locally. This is usually caused by another repository pushing
hint: to the same ref. You may want to first integrate the remote changes
hint: (e.g., 'git pull ...') before pushing again.
hint: See the 'Note about fast-forwards' in 'git push --help' for details.
[2026-09-25 20:31:01 +07] pushed 98368d5
=== [2026-09-29 08:00:01 +07] python3 scripts/archive_daily.py --shift auto ===
CAPTURED shift=night productionDate=2026-09-28 file=/mnt/c/Users/19777/Desktop/pdtiii-live/history/shifts/2026-09-28-night.json
DONE days=34 usableDay=20 usableNight=32
rc=0
[main 6058cdf] archive: 本机 cron 归档更新 2026-09-29 08:00
 6 files changed, 581 insertions(+), 114 deletions(-)
 create mode 100644 history/shifts/2026-09-28-night.json
To https://github.com/wlp713/pdtiii-live.git
 ! [rejected]        main -> main (non-fast-forward)
error: failed to push some refs to 'https://github.com/wlp713/pdtiii-live.git'
hint: Updates were rejected because the tip of your current branch is behind
hint: its remote counterpart. Integrate the remote changes (e.g.
hint: 'git pull ...') before pushing again.
hint: See the 'Note about fast-forwards' in 'git push --help' for details.
[2026-09-29 08:00:01 +07] pushed 6058cdf
=== [2026-09-29 20:31:01 +07] python3 scripts/archive_daily.py --shift auto ===
CAPTURED shift=day productionDate=2026-09-29 file=/mnt/c/Users/19777/Desktop/pdtiii-live/history/shifts/2026-09-29-day.json
CAPTURED shift=night productionDate=2026-09-28 file=/mnt/c/Users/19777/Desktop/pdtiii-live/history/shifts/2026-09-28-night.json
DONE days=35 usableDay=21 usableNight=32
rc=0
